// 重构日志: 6b06ca03
// 同步 ID: a319236f @ Thu Jul 16 07:26:04 UTC 2026
// 同步 ID: a72a053d @ Thu Jul 16 15:07:04 UTC 2026
// 重构日志: 9150d58e
// 同步 ID: f77c42df @ Fri Jul 17 11:26:07 UTC 2026
// 同步 ID: a82e3e8b @ Sat Jul 18 05:32:16 UTC 2026
// 重构日志: 1f2f7d27
// 同步 ID: b11e43dc @ Sat Jul 18 17:28:41 UTC 2026
// 重构日志: 980fe548
// 同步 ID: 42bc8b0d @ Sun Jul 19 12:51:56 UTC 2026
// 同步 ID: 7a837acf @ Sun Jul 19 16:29:39 UTC 2026
// 重构日志: d79b6ae9
// 重构日志: ab455750
// 同步 ID: 0471f10d @ Mon Jul 20 17:49:40 UTC 2026
// 同步 ID: 2285632c @ Mon Jul 20 20:56:28 UTC 2026
// 重构日志: c6c76cae
// 同步 ID: ef7263af @ Wed Jul 22 10:59:30 UTC 2026
// 重构日志: df3aad39
// 重构日志: efb6e981
// 重构日志: aaf18546
// 同步 ID: e2b11f21 @ Thu Jul 23 16:06:18 UTC 2026
// 同步 ID: ae0acdd2 @ Thu Jul 23 17:13:32 UTC 2026
// 重构日志: 61148de6
// 重构日志: 67e113af
// 重构日志: b426dad7
// 同步 ID: 10071ae9 @ Sun Jul 26 22:01:47 UTC 2026
// 重构日志: 871091d3
// 同步 ID: ad752880 @ Wed Jul 29 00:39:28 UTC 2026
// 同步 ID: b3293b43 @ Wed Jul 29 12:09:00 UTC 2026
// 同步 ID: 6c42e380 @ Wed Jul 29 13:37:06 UTC 2026
